// Jest Snapshot v1, https://goo.gl/fbAQLP

exports[`RestaurantEntry Snapshot 1`] = `
<div
  className="layout"
  id="restaurant-63460"
>
  <a
    className="link"
    href="https://deliveroo.co.uk/menu/london/bank/burrito-kitchen-cheapside"
    rel="noopener noreferrer"
    target="_blank"
  >
    <img
      alt="Burrito Kitchen"
      className="image"
      src="/images/image-container-01.png"
    />
  </a>
  <h3
    className="title"
  >
    Burrito Kitchen
  </h3>
  <p
    className="description"
  >
    <span>
      Mexican . Burritos
    </span>
     . 
    <span>
      ££
    </span>
  </p>
</div>
`;
